// Jest Snapshot v1, https://goo.gl/fbAQLP

exports[`ThemeSwitcher should render current theme 1`] = `
<label
  className="root"
>
  Theme
  <select
    onBlur={[Function]}
    onChange={[Function]}
    value="light"
  >
    <option
      key="dark"
    >
      dark
    </option>
    <option
      key="light"
    >
      light
    </option>
  </select>
</label>
`;
