// Jest Snapshot v1, https://goo.gl/fbAQLP

exports[`should highlight code with specified language 1`] = `"<span class=\\"token tag\\"><span class=\\"token tag\\"><span class=\\"token punctuation\\">&lt;</span>p</span><span class=\\"token punctuation\\">></span></span>Hello React<span class=\\"token tag\\"><span class=\\"token tag\\"><span class=\\"token punctuation\\">&lt;/</span>p</span><span class=\\"token punctuation\\">></span></span>"`;
