// Jest Snapshot v1, https://goo.gl/fbAQLP

exports[`should render examples 1`] = `
<Styled(Examples)>
  <Playground
    code=
<button>
  OK
</button>

    evalInContext={[Function]}
    index={0}
    key="1/0"
    name="button"
  />
  <Markdown
    key="1"
    text="Hello *world*!"
  />
</Styled(Examples)>
`;
