// Jest Snapshot v1, https://goo.gl/fbAQLP

exports[`Editor should renderer and editor 1`] = `
<ContextProvider
  value={
    Object {
      "config": Object {
        "editorConfig": Object {
          "lineWrapping": true,
          "mode": "js",
        },
        "highlightTheme": "base16-light",
        "showCode": false,
      },
    }
  }
>
  <Editor
    classes={Object {}}
    code=
<button>
  MyAwesomeCode
</button>

    editorConfig={
      Object {
        "mode": "text/html",
        "readOnly": true,
      }
    }
  />
  ,
</ContextProvider>
`;

exports[`EditorLoaderRenderer should renderer should render loader 1`] = `
<div>
  Loading…
</div>
`;
