// Jest Snapshot v1, https://goo.gl/fbAQLP

exports[`should render a link 1`] = `
<button
  onClick={[Function]}
>
  Add examples to this component
</button>
`;

exports[`should render an example placeholder after click 1`] = `
<Markdown
  text="
Create **Readme.md** or **Pizza.md** file in the component’s folder like this:

    Pizza example:

    \`\`\`js
    <Pizza pizza=\\"🍕\\" />
	\`\`\`

You may need to **restart** the style guide server after adding an example file.

Read more in the [documenting components guide](https://react-styleguidist.js.org/docs/documenting.html).
					"
/>
`;
