exports[`test processComponent() should return valid JS for section with content 1`] = `
"{\'filepath\': \"../pizza.js\",
\'nameFallback\': \"pizza\",
\'pathLine\': \"../pizza.js\",
\'module\': require(\"pizza.js\"),
\'props\': require(\"!!props-loader!pizza.js\"),
\'examples\': require(\"!!examples-loader!Readme.md\")}"
`;
