// Jest Snapshot v1, https://goo.gl/fbAQLP

exports[`renderer should render preview 1`] = `
<div>
  <div
    data-preview="name"
  >
    <div>
      preview
    </div>
  </div>
  <div>
    <div>
      <div>
        tab buttons
      </div>
    </div>
    <div>
      <div>
        toolbar
      </div>
    </div>
  </div>
  <div>
    <div>
      tab body
    </div>
  </div>
</div>
`;

exports[`should render component renderer 1`] = `
<Styled(Playground)
  name="name"
  preview={
    <Preview
      code="<button>OK</button>"
      evalInContext={[Function]}
    />
  }
  tabBody={
    <Slot
      name="exampleTabs"
      onlyActive={true}
      props={
        Object {
          "code": "<button>OK</button>",
          "onChange": [Function],
        }
      }
    />
  }
  tabButtons={
    <Slot
      name="exampleTabButtons"
      props={
        Object {
          "onClick": [Function],
        }
      }
    />
  }
  toolbar={
    <Slot
      name="exampleToolbar"
      props={
        Object {
          "example": 0,
          "isolated": undefined,
          "name": "name",
        }
      }
    />
  }
/>
`;
