// Jest Snapshot v1, https://goo.gl/fbAQLP

exports[`should highlight code 1`] = `

<span class="hljs-tag">
  &lt;
  <span class="hljs-name">
    p
  </span>
  &gt;
</span>
Hello React
<span class="hljs-tag">
  &lt;/
  <span class="hljs-name">
    p
  </span>
  &gt;
</span>

`;

exports[`should highlight code with specified language 1`] = `

<span class="hljs-tag">
  &lt;
  <span class="hljs-name">
    p
  </span>
  &gt;
</span>
Hello React
<span class="hljs-tag">
  &lt;/
  <span class="hljs-name">
    p
  </span>
  &gt;
</span>

`;
