// Jest Snapshot v1, https://goo.gl/fbAQLP

exports[`renderStyleguide should render StyleGuide component 1`] = `
<Styled(StyleGuide)
  homepageUrl="https://react-styleguidist.js.org/"
  title="My Style Guide"
  toc={
    <TableOfContents
      sections={
        Array [
          Object {
            "components": Array [
              Object {
                "module": "ButtonModule",
                "name": "Button",
                "props": Object {
                  "displayName": "Button",
                  "examples": Array [],
                },
                "visibleName": "Button",
              },
              Object {
                "module": "ImageModule",
                "name": "Image",
                "props": Object {
                  "displayName": "Image",
                  "examples": Array [],
                },
                "visibleName": "Image",
              },
            ],
            "sections": Array [],
            "visibleName": undefined,
          },
        ]
      }
      useRouterLinks={false}
    />
  }
>
  <Sections
    depth={1}
    sections={
      Array [
        Object {
          "components": Array [
            Object {
              "module": "ButtonModule",
              "name": "Button",
              "props": Object {
                "displayName": "Button",
                "examples": Array [],
              },
              "visibleName": "Button",
            },
            Object {
              "module": "ImageModule",
              "name": "Image",
              "props": Object {
                "displayName": "Image",
                "examples": Array [],
              },
              "visibleName": "Image",
            },
          ],
          "sections": Array [],
          "visibleName": undefined,
        },
      ]
    }
  />
</Styled(StyleGuide)>
`;
