exports[`setSlugs should set unique slug property to each section or component with name property 1`] = `
Array [
  Object {
    "name": "Multiple words",
    "sections": Array [
      Object {
        "components": Array [
          Object {
            "name": "Button",
            "slug": "button",
          },
          Object {
            "name": "Image",
            "slug": "image",
          },
        ],
        "name": "Single",
        "slug": "single",
      },
      Object {
        "components": Array [
          Object {
            "name": "Button",
            "slug": "button-1",
          },
          Object {
            "name": "Image",
            "slug": "image-1",
          },
        ],
      },
    ],
    "slug": "multiple-words",
  },
]
`;
