// Jest Snapshot v1, https://goo.gl/fbAQLP

exports[`Markdown Table should render a table 1`] = `
<table
  className="rsg--table-0"
>
  <thead
    className="rsg--thead-2"
  >
    <tr>
      <th
        className="rsg--th-4 rsg--td-3"
      >
        1st header
      </th>
      <th
        className="rsg--th-4 rsg--td-3"
      >
        2nd header
      </th>
    </tr>
  </thead>
  <tbody>
    <tr>
      <td
        className="rsg--td-3"
      >
        1st cell
      </td>
      <td
        className="rsg--td-3"
      >
        2nd cell
      </td>
    </tr>
  </tbody>
</table>
`;
